// Jest Snapshot v1, https://goo.gl/fbAQLP

exports[`NavBar renders correctly 1`] = `
<DocumentFragment>
  <nav
    class="navbar-container"
  >
    <ul
      class="navbar-container-list"
    >
      <li
        class="navbar-container-list-item"
      >
        <a
          aria-current="page"
          class="active"
          href="/"
        >
          About Me
        </a>
      </li>
      <li
        class="navbar-container-list-item"
      >
        <a
          class=""
          href="/projects"
        >
          Projects
        </a>
      </li>
      <li
        class="navbar-container-list-item"
      >
        <a
          class=""
          href="/contactme"
        >
          Contact Me
        </a>
      </li>
    </ul>
  </nav>
</DocumentFragment>
`;
