// Jest Snapshot v1, https://goo.gl/fbAQLP

exports[`ProjectCard renders correctly 1`] = `
<DocumentFragment>
  <div>
    ProjectCard
  </div>
</DocumentFragment>
`;
